// Jest Snapshot v1, https://goo.gl/fbAQLP

exports[`Pruebas en <HeroScreen/> debe de mostrar un hero si el par√†mentro existe y se encuentra 1`] = `
<div
  className="row mt-5"
>
  <hr />
  <div
    className="col-4"
  >
    <img
      alt="Spider Man"
      className="img-thumbnail animate__animated animate__fadeInLeft"
      src="https://img.pngio.com/iron-man-edwin-jarvis-hulk-falcon-marvel-heroes-2016-cc0-marvel-heroes-png-600_750.jpg"
    />
  </div>
  <div
    className="col-8 animate__animated animate__fadeIn"
  >
    <h3>
      Spider Man
    </h3>
    <ul
      className="list-group list-group-flush"
    >
      <li
        className="list-group-item"
      >
         
        <b>
           Alter ego: 
        </b>
        Peter Parker
         
      </li>
      <li
        className="list-group-item"
      >
         
        <b>
           Publisher: 
        </b>
        Marvel Comics
         
      </li>
      <li
        className="list-group-item"
      >
         
        <b>
           First appearance: 
        </b>
        Amazing Fantasy #15
         
      </li>
    </ul>
    <h5>
      Characters
    </h5>
    <p>
      Peter Parker
    </p>
    <button
      className="btn btn-outline-info"
      onClick={[Function]}
    >
      Return
    </button>
  </div>
</div>
`;
